../Core/Src/main.c:85:5:main	8	static
../Core/Src/main.c:146:6:SystemClock_Config	88	static
../Core/Src/main.c:193:13:MX_USART2_UART_Init	8	static
../Core/Src/main.c:224:13:MX_DMA_Init	16	static
../Core/Src/main.c:245:13:MX_GPIO_Init	48	static
../Core/Src/main.c:274:6:UARTDMAConfig	8	static
../Core/Src/main.c:279:6:HAL_UART_RxCpltCallback	16	static
../Core/Src/main.c:390:6:LEDBlinkTimer	8	static
../Core/Src/main.c:399:6:B1ButtonStatus	8	static
../Core/Src/main.c:425:6:Error_Handler	4	static,ignoring_inline_asm
