../Core/Src/main.c:82:5:main	8	static
../Core/Src/main.c:137:6:SystemClock_Config	88	static
../Core/Src/main.c:184:13:MX_USART2_UART_Init	8	static
../Core/Src/main.c:215:13:MX_DMA_Init	16	static
../Core/Src/main.c:236:13:MX_GPIO_Init	48	static
../Core/Src/main.c:265:6:UARTDMAConfig	8	static
../Core/Src/main.c:270:6:HAL_UART_RxCpltCallback	16	static
../Core/Src/main.c:381:6:LEDBlinkTimer	8	static
../Core/Src/main.c:394:6:B1ButtonStatus	8	static
../Core/Src/main.c:420:6:Error_Handler	4	static,ignoring_inline_asm
